// Jest Snapshot v1, https://goo.gl/fbAQLP

exports[`PoolListPage tests PoolListPage renders without craching 1`] = `
Object {
  "asFragment": [Function],
  "baseElement": <body>
    <div>
      <div
        class="blank"
      >
        <div
          class="pool-list-body"
        >
          <div>
            <a>
              <img
                class="land-logo"
                src="land-logo.png"
              />
            </a>
          </div>
          <div
            class="pool-list-header-body"
          >
            <div>
              <div
                class="otoco-title"
              >
                Open pools
              </div>
              <div
                class="otoco-content"
              >
                Get in line early for the best offer from the founders
              </div>
            </div>
          </div>
          <div>
            <img
              class="loading"
              src="loading.gif"
            />
          </div>
        </div>
      </div>
    </div>
  </body>,
  "container": <div>
    <div
      class="blank"
    >
      <div
        class="pool-list-body"
      >
        <div>
          <a>
            <img
              class="land-logo"
              src="land-logo.png"
            />
          </a>
        </div>
        <div
          class="pool-list-header-body"
        >
          <div>
            <div
              class="otoco-title"
            >
              Open pools
            </div>
            <div
              class="otoco-content"
            >
              Get in line early for the best offer from the founders
            </div>
          </div>
        </div>
        <div>
          <img
            class="loading"
            src="loading.gif"
          />
        </div>
      </div>
    </div>
  </div>,
  "debug": [Function],
  "findAllByAltText": [Function],
  "findAllByDisplayValue": [Function],
  "findAllByLabelText": [Function],
  "findAllByPlaceholderText": [Function],
  "findAllByRole": [Function],
  "findAllByTestId": [Function],
  "findAllByText": [Function],
  "findAllByTitle": [Function],
  "findByAltText": [Function],
  "findByDisplayValue": [Function],
  "findByLabelText": [Function],
  "findByPlaceholderText": [Function],
  "findByRole": [Function],
  "findByTestId": [Function],
  "findByText": [Function],
  "findByTitle": [Function],
  "getAllByAltText": [Function],
  "getAllByDisplayValue": [Function],
  "getAllByLabelText": [Function],
  "getAllByPlaceholderText": [Function],
  "getAllByRole": [Function],
  "getAllByTestId": [Function],
  "getAllByText": [Function],
  "getAllByTitle": [Function],
  "getByAltText": [Function],
  "getByDisplayValue": [Function],
  "getByLabelText": [Function],
  "getByPlaceholderText": [Function],
  "getByRole": [Function],
  "getByTestId": [Function],
  "getByText": [Function],
  "getByTitle": [Function],
  "queryAllByAltText": [Function],
  "queryAllByDisplayValue": [Function],
  "queryAllByLabelText": [Function],
  "queryAllByPlaceholderText": [Function],
  "queryAllByRole": [Function],
  "queryAllByTestId": [Function],
  "queryAllByText": [Function],
  "queryAllByTitle": [Function],
  "queryByAltText": [Function],
  "queryByDisplayValue": [Function],
  "queryByLabelText": [Function],
  "queryByPlaceholderText": [Function],
  "queryByRole": [Function],
  "queryByTestId": [Function],
  "queryByText": [Function],
  "queryByTitle": [Function],
  "rerender": [Function],
  "unmount": [Function],
}
`;
